.\venv\Scripts\python.exe : System check identified some issues:
En línea: 1 Carácter: 1
+ .\venv\Scripts\python.exe manage.py test sports 2>&1 > test_output.tx ...
+ ~~~~~~~~~~~~~~~~~~~~~~~~~~~~~~~~~~~~~~~~~~~~~~~~~~~~~~~~~~~~~~~~~~~~~
    + CategoryInfo          : NotSpecified: (System check identified some issu 
   es::String) [], RemoteException
    + FullyQualifiedErrorId : NativeCommandError
 

WARNINGS:
sports.Partido.evento: (fields.W342) Setting unique=True on a ForeignKey has 
the same effect as using a OneToOneField.
	HINT: ForeignKey(unique=True) is usually better served by a OneToOneField.

System check identified 1 issue (0 silenced).
.............................F.................................................
...................E..............................
======================================================================
ERROR: test_consultar_pagos_pendientes_por_jugador_retorna_lista (sports.tests.
PagoStripaSimuladoTests.test_consultar_pagos_pendientes_por_jugador_retorna_lis
ta)
HU-17: Consultar pagos por jugador retorna lista de pagos
----------------------------------------------------------------------
Traceback (most recent call last):
  File 
"C:\Users\yesen\AppData\Local\Programs\Python\Python314\Lib\unittest\mock.py", 
line 1432, in patched
    return func(*newargs, **newkeywargs)
  File "C:\Users\yesen\Desktop\talentai-sports\backend\sports\tests.py", line 
1696, in test_consultar_pagos_pendientes_por_jugador_retorna_lista
    self.assertTrue(serializer_a.is_valid(), serializer_a.errors)
                    ^^^^^^^^^^^^
NameError: name 'serializer_a' is not defined. Did you mean: 'serializers'?

======================================================================
FAIL: test_consultar_pagos_pendientes_por_jugador 
(sports.tests.CuotaSocialTests.test_consultar_pagos_pendientes_por_jugador)
----------------------------------------------------------------------
Traceback (most recent call last):
  File 
"C:\Users\yesen\AppData\Local\Programs\Python\Python314\Lib\unittest\mock.py", 
line 1432, in patched
    return func(*newargs, **newkeywargs)
  File "C:\Users\yesen\Desktop\talentai-sports\backend\sports\tests.py", line 
1977, in test_consultar_pagos_pendientes_por_jugador
    select_related.return_value.filter.assert_called_once_with(
    ~~~~~~~~~~~~~~~~~~~~~~~~~~~~~~~~~~~~~~~~~~~~~~~~~~~~~~~~~~^
        jugador=jugador,
        ^^^^^^^^^^^^^^^^
        estado=Pago.Estado.PENDIENTE,
        ^^^^^^^^^^^^^^^^^^^^^^^^^^^^^
    )
    ^
  File 
"C:\Users\yesen\AppData\Local\Programs\Python\Python314\Lib\unittest\mock.py", 
line 997, in assert_called_once_with
    return self.assert_called_with(*args, **kwargs)
           ~~~~~~~~~~~~~~~~~~~~~~~^^^^^^^^^^^^^^^^^
  File 
"C:\Users\yesen\AppData\Local\Programs\Python\Python314\Lib\unittest\mock.py", 
line 985, in assert_called_with
    raise AssertionError(_error_message()) from cause
AssertionError: expected call not found.
Expected: 
filter(jugador=namespace(pk=UUID('ff9aba0b-8bf4-454c-ae4d-950cb5396f5b')), 
estado=Pago.Estado.PENDIENTE)
  Actual: 
filter(jugador=namespace(pk=UUID('ff9aba0b-8bf4-454c-ae4d-950cb5396f5b')), 
estado=<MagicMock name='mock.query_params.get()' id='2532248416816'>)

----------------------------------------------------------------------
Ran 129 tests in 0.270s

FAILED (failures=1, errors=1)
Found 129 test(s).
